{"type":"server-started","port":59511,"host":"127.0.0.1","url_host":"localhost","url":"http://localhost:59511","screen_dir":"D:\\taluo\\.superpowers\\brainstorm\\manual-1784706908\\content","state_dir":"D:\\taluo\\.superpowers\\brainstorm\\manual-1784706908\\state"}
{"type":"screen-added","file":"D:\\taluo\\.superpowers\\brainstorm\\manual-1784706908\\content\\agent-portfolio-approaches.html"}
{"source":"user-event","type":"click","text":"RECOMMENDED · 产品与工程证据同屏\n      \n        \n          PRODUCT DEMO\n          二选一咨询\n          六张牌阵 · 本地生成结果\n          \n        \n        \n          AGENT RUN · TRACE 7258\n          \n            ✓ Intent Router done\n            ✓ RAG Retrieve 3 hits\n            ✓ Generate local 7B\n            ✓ Critique passed\n            ✓ Human Review accepted\n          \n          Latency · model · prompt/RAG snapshot · trace\n        \n      \n    \n    \n      A · Agent Run Inspector\n      结果页增加“查看 Agent 轨迹”，展示每一步真实状态、耗时、RAG 命中、模型和人工审核。补录 30–45 秒即可。","choice":"a","id":null,"timestamp":1784707331681}
{"source":"user-event","type":"click","text":"RECOMMENDED · 产品与工程证据同屏\n      \n        \n          PRODUCT DEMO\n          二选一咨询\n          六张牌阵 · 本地生成结果\n          \n        \n        \n          AGENT RUN · TRACE 7258\n          \n            ✓ Intent Router done\n            ✓ RAG Retrieve 3 hits\n            ✓ Generate local 7B\n            ✓ Critique passed\n            ✓ Human Review accepted\n          \n          Latency · model · prompt/RAG snapshot · trace\n        \n      \n    \n    \n      A · Agent Run Inspector\n      结果页增加“查看 Agent 轨迹”，展示每一步真实状态、耗时、RAG 命中、模型和人工审核。补录 30–45 秒即可。","choice":"a","id":null,"timestamp":1784707333577}
{"source":"user-event","type":"click","text":"RECOMMENDED · 产品与工程证据同屏\n      \n        \n          PRODUCT DEMO\n          二选一咨询\n          六张牌阵 · 本地生成结果\n          \n        \n        \n          AGENT RUN · TRACE 7258\n          \n            ✓ Intent Router done\n            ✓ RAG Retrieve 3 hits\n            ✓ Generate local 7B\n            ✓ Critique passed\n            ✓ Human Review accepted\n          \n          Latency · model · prompt/RAG snapshot · trace\n        \n      \n    \n    \n      A · Agent Run Inspector\n      结果页增加“查看 Agent 轨迹”，展示每一步真实状态、耗时、RAG 命中、模型和人工审核。补录 30–45 秒即可。","choice":"a","id":null,"timestamp":1784707333737}
{"source":"user-event","type":"click","text":"ENGINEERING CASE STUDY\n      Akashic Agent\n      Local-first multimodal agent workflow\n      \n        Architecture\n        RAG & Prompts\n        Evaluation\n        Latency\n      \n    \n    \n      C · 独立技术案例页\n      解释最完整，也适合作品集正文；但如果只有这张页面，没有真实运行轨迹，可信度弱于 A。","choice":"c","id":null,"timestamp":1784707336069}
{"source":"user-event","type":"click","text":"ENGINEERING CASE STUDY\n      Akashic Agent\n      Local-first multimodal agent workflow\n      \n        Architecture\n        RAG & Prompts\n        Evaluation\n        Latency\n      \n    \n    \n      C · 独立技术案例页\n      解释最完整，也适合作品集正文；但如果只有这张页面，没有真实运行轨迹，可信度弱于 A。","choice":"c","id":null,"timestamp":1784707336249}
{"source":"user-event","type":"click","text":"ENGINEERING CASE STUDY\n      Akashic Agent\n      Local-first multimodal agent workflow\n      \n        Architecture\n        RAG & Prompts\n        Evaluation\n        Latency\n      \n    \n    \n      C · 独立技术案例页\n      解释最完整，也适合作品集正文；但如果只有这张页面，没有真实运行轨迹，可信度弱于 A。","choice":"c","id":null,"timestamp":1784707336958}
{"source":"user-event","type":"click","text":"RECOMMENDED · 产品与工程证据同屏\n      \n        \n          PRODUCT DEMO\n          二选一咨询\n          六张牌阵 · 本地生成结果\n          \n        \n        \n          AGENT RUN · TRACE 7258\n          \n            ✓ Intent Router done\n            ✓ RAG Retrieve 3 hits\n            ✓ Generate local 7B\n            ✓ Critique passed\n            ✓ Human Review accepted\n          \n          Latency · model · prompt/RAG snapshot · trace\n        \n      \n    \n    \n      A · Agent Run Inspector\n      结果页增加“查看 Agent 轨迹”，展示每一步真实状态、耗时、RAG 命中、模型和人工审核。补录 30–45 秒即可。","choice":"a","id":null,"timestamp":1784707341170}
{"type":"screen-added","file":"D:\\taluo\\.superpowers\\brainstorm\\manual-1784706908\\content\\agent-run-inspector-detail.html"}
{"source":"user-event","type":"click","text":"✓\n    批准这套信息结构下一步确定交互入口、案例页内容和补录脚本。","choice":"approve-inspector","id":null,"timestamp":1784708024001}
{"source":"user-event","type":"click","text":"✓\n    批准这套信息结构下一步确定交互入口、案例页内容和补录脚本。","choice":"approve-inspector","id":null,"timestamp":1784708026526}
{"source":"user-event","type":"click","text":"✓\n    批准这套信息结构下一步确定交互入口、案例页内容和补录脚本。","choice":"approve-inspector","id":null,"timestamp":1784708026697}
{"source":"user-event","type":"click","text":"✓\n    批准这套信息结构下一步确定交互入口、案例页内容和补录脚本。","choice":"approve-inspector","id":null,"timestamp":1784708029791}
{"type":"screen-added","file":"D:\\taluo\\.superpowers\\brainstorm\\manual-1784706908\\content\\agent-inspector-integration.html"}
{"source":"user-event","type":"click","text":"✓\n    批准右栏集成方案下一节确认作品集案例页和 30–45 秒补录脚本。","choice":"approve-integration","id":null,"timestamp":1784708238868}
{"type":"screen-added","file":"D:\\taluo\\.superpowers\\brainstorm\\manual-1784706908\\content\\agent-case-study-layout.html"}
{"source":"user-event","type":"click","text":"✓\n    批准案例页结构下一节确认测试范围与 30–45 秒补录分镜。","choice":"approve-case-study","id":null,"timestamp":1784708913261}
{"type":"screen-added","file":"D:\\taluo\\.superpowers\\brainstorm\\manual-1784706908\\content\\implementation-and-recording.html"}
{"source":"user-event","type":"click","text":"✓\n    批准最终设计并进入实现我会先固化设计文档并请你复核，然后写实施计划和代码。","choice":"approve-final-design","id":null,"timestamp":1784709347339}
{"type":"screen-added","file":"D:\\taluo\\.superpowers\\brainstorm\\manual-1784706908\\content\\waiting-spec-review.html"}
{"type":"screen-updated","file":"D:\\taluo\\.superpowers\\brainstorm\\manual-1784706908\\content\\agent-portfolio-approaches.html"}
{"type":"screen-updated","file":"D:\\taluo\\.superpowers\\brainstorm\\manual-1784706908\\content\\agent-run-inspector-detail.html"}
{"type":"screen-updated","file":"D:\\taluo\\.superpowers\\brainstorm\\manual-1784706908\\content\\agent-inspector-integration.html"}
{"type":"screen-updated","file":"D:\\taluo\\.superpowers\\brainstorm\\manual-1784706908\\content\\agent-case-study-layout.html"}
{"type":"screen-updated","file":"D:\\taluo\\.superpowers\\brainstorm\\manual-1784706908\\content\\implementation-and-recording.html"}
{"type":"screen-updated","file":"D:\\taluo\\.superpowers\\brainstorm\\manual-1784706908\\content\\waiting-spec-review.html"}
{"type":"screen-updated","file":"D:\\taluo\\.superpowers\\brainstorm\\manual-1784706908\\content\\agent-portfolio-approaches.html"}
{"type":"screen-updated","file":"D:\\taluo\\.superpowers\\brainstorm\\manual-1784706908\\content\\agent-inspector-integration.html"}
{"type":"screen-updated","file":"D:\\taluo\\.superpowers\\brainstorm\\manual-1784706908\\content\\agent-run-inspector-detail.html"}
{"type":"screen-updated","file":"D:\\taluo\\.superpowers\\brainstorm\\manual-1784706908\\content\\agent-case-study-layout.html"}
{"type":"screen-updated","file":"D:\\taluo\\.superpowers\\brainstorm\\manual-1784706908\\content\\implementation-and-recording.html"}
{"type":"screen-updated","file":"D:\\taluo\\.superpowers\\brainstorm\\manual-1784706908\\content\\waiting-spec-review.html"}
{"type":"screen-updated","file":"D:\\taluo\\.superpowers\\brainstorm\\manual-1784706908\\content\\agent-portfolio-approaches.html"}
{"type":"screen-updated","file":"D:\\taluo\\.superpowers\\brainstorm\\manual-1784706908\\content\\agent-case-study-layout.html"}
{"type":"screen-updated","file":"D:\\taluo\\.superpowers\\brainstorm\\manual-1784706908\\content\\agent-inspector-integration.html"}
{"type":"screen-updated","file":"D:\\taluo\\.superpowers\\brainstorm\\manual-1784706908\\content\\agent-run-inspector-detail.html"}
{"type":"screen-updated","file":"D:\\taluo\\.superpowers\\brainstorm\\manual-1784706908\\content\\implementation-and-recording.html"}
{"type":"screen-updated","file":"D:\\taluo\\.superpowers\\brainstorm\\manual-1784706908\\content\\waiting-spec-review.html"}
{"type":"server-stopped","reason":"idle timeout"}
